[INFO] Scanning for projects...
[INFO] 
[INFO] -----------------< com.example:gestion-des-stagiaires >-----------------
[INFO] Building gestion-des-stagiaires 0.0.1-SNAPSHOT
[INFO]   from pom.xml
[INFO] --------------------------------[ jar ]---------------------------------
[INFO] 
[INFO] --- clean:3.5.0:clean (default-clean) @ gestion-des-stagiaires ---
[INFO] Deleting C:\Users\douan\OneDrive\Bureau\pfe\projet-pfe\gestion-des-stagiaires-backend\target
[INFO] 
[INFO] --- resources:3.3.1:resources (default-resources) @ gestion-des-stagiaires ---
[INFO] Copying 1 resource from src\main\resources to target\classes
[INFO] Copying 1 resource from src\main\resources to target\classes
[INFO] 
[INFO] --- compiler:3.14.1:compile (default-compile) @ gestion-des-stagiaires ---
[INFO] Recompiling the module because of changed source code.
[INFO] Compiling 125 source files with javac [debug parameters release 21] to target\classes
[INFO] /C:/Users/douan/OneDrive/Bureau/pfe/projet-pfe/gestion-des-stagiaires-backend/src/main/java/com/example/gestion/des/stagiaires/config/JwtAuthenticationFilter.java: C:\Users\douan\OneDrive\Bureau\pfe\projet-pfe\gestion-des-stagiaires-backend\src\main\java\com\example\gestion\des\stagiaires\config\JwtAuthenticationFilter.java uses or overrides a deprecated API.
[INFO] /C:/Users/douan/OneDrive/Bureau/pfe/projet-pfe/gestion-des-stagiaires-backend/src/main/java/com/example/gestion/des/stagiaires/config/JwtAuthenticationFilter.java: Recompile with -Xlint:deprecation for details.
[INFO] Some messages have been simplified; recompile with -Xdiags:verbose to get full output
[INFO] -------------------------------------------------------------
[ERROR] COMPILATION ERROR : 
[INFO] -------------------------------------------------------------
[ERROR] /C:/Users/douan/OneDrive/Bureau/pfe/projet-pfe/gestion-des-stagiaires-backend/src/main/java/com/example/gestion/des/stagiaires/service/CandidatureService.java:[208,58] incompatible types: java.time.LocalDateTime cannot be converted to java.time.LocalDate
[ERROR] /C:/Users/douan/OneDrive/Bureau/pfe/projet-pfe/gestion-des-stagiaires-backend/src/main/java/com/example/gestion/des/stagiaires/service/CandidatureService.java:[210,20] cannot find symbol
  symbol:   method getDateFin()
  location: variable request of type com.example.gestion.des.stagiaires.dto.StatutCandidatureRequest
[ERROR] /C:/Users/douan/OneDrive/Bureau/pfe/projet-pfe/gestion-des-stagiaires-backend/src/main/java/com/example/gestion/des/stagiaires/service/CandidatureService.java:[211,43] cannot find symbol
  symbol:   method getDateFin()
  location: variable request of type com.example.gestion.des.stagiaires.dto.StatutCandidatureRequest
[INFO] 3 errors 
[INFO] -------------------------------------------------------------
[INFO] ------------------------------------------------------------------------
[INFO] BUILD FAILURE
[INFO] ------------------------------------------------------------------------
[INFO] Total time:  13.412 s
[INFO] Finished at: 2026-03-26T13:28:20+01:00
[INFO] ------------------------------------------------------------------------
[ERROR] Failed to execute goal org.apache.maven.plugins:maven-compiler-plugin:3.14.1:compile (default-compile) on project gestion-des-stagiaires: Compilation failure: Compilation failure: 
[ERROR] /C:/Users/douan/OneDrive/Bureau/pfe/projet-pfe/gestion-des-stagiaires-backend/src/main/java/com/example/gestion/des/stagiaires/service/CandidatureService.java:[208,58] incompatible types: java.time.LocalDateTime cannot be converted to java.time.LocalDate
[ERROR] /C:/Users/douan/OneDrive/Bureau/pfe/projet-pfe/gestion-des-stagiaires-backend/src/main/java/com/example/gestion/des/stagiaires/service/CandidatureService.java:[210,20] cannot find symbol
[ERROR]   symbol:   method getDateFin()
[ERROR]   location: variable request of type com.example.gestion.des.stagiaires.dto.StatutCandidatureRequest
[ERROR] /C:/Users/douan/OneDrive/Bureau/pfe/projet-pfe/gestion-des-stagiaires-backend/src/main/java/com/example/gestion/des/stagiaires/service/CandidatureService.java:[211,43] cannot find symbol
[ERROR]   symbol:   method getDateFin()
[ERROR]   location: variable request of type com.example.gestion.des.stagiaires.dto.StatutCandidatureRequest
[ERROR] -> [Help 1]
[ERROR] 
[ERROR] To see the full stack trace of the errors, re-run Maven with the -e switch.
[ERROR] Re-run Maven using the -X switch to enable full debug logging.
[ERROR] 
[ERROR] For more information about the errors and possible solutions, please read the following articles:
[ERROR] [Help 1] http://cwiki.apache.org/confluence/display/MAVEN/MojoFailureException
